
> frontend@0.1.0 build
> next build

▲ Next.js 16.3.4 (Turbopack)
✓ Running next.config.ts took 423ms

  Creating an optimized production build ...
✓ Compiled successfully in 27.5s
  Running TypeScript ...
  Finished TypeScript in 69s ...
  Collecting page data using 3 workers ...
  Generating static pages using 3 workers (0/4) ...
  Generating static pages using 3 workers (1/4) 
  Generating static pages using 3 workers (2/4) 
  Generating static pages using 3 workers (3/4) 
✓ Generating static pages using 3 workers (4/4) in 5.2s
  Finalizing page optimization ...

Route (app)
┌ ○ /
└ ○ /_not-found


○  (Static)  prerendered as static content

